# This file contains runtime information


 Initialization done, now performing first generation
 gen = 1